// Jest Snapshot v1, https://goo.gl/fbAQLP

exports[`Button Button Component Snapshot 1`] = `null`;
